  [    0.0s] start                              in-use   0.00 GiB  peak   0.00 GiB  
N=152000000 live leaves 9533400 -> leaf capacity 10963968
  [   66.7s] before_prepare                     in-use   2.83 GiB  peak   3.41 GiB  
  [   67.0s] prepare:start                      in-use   7.36 GiB  peak   9.06 GiB  
  [   67.0s] tree+upward:start                  in-use   7.36 GiB  peak   9.06 GiB  
  [   88.5s] tree+upward:end                    in-use  16.35 GiB  peak  24.81 GiB  
  [   88.5s] dual+downward:start                in-use  16.35 GiB  peak  24.81 GiB  
  [   91.5s] walk+lists:start                   in-use  16.68 GiB  peak  24.81 GiB  
  [   93.0s] walk:start                         in-use  17.15 GiB  peak  24.81 GiB  {'queue': 524288, 'far_cap': 65536, 'near_cap': 1048576}
  [   95.3s] walk:end                           in-use  17.16 GiB  peak  24.81 GiB  
  [   95.3s] walk:start                         in-use  17.15 GiB  peak  24.81 GiB  {'queue': 1048576, 'far_cap': 65536, 'near_cap': 1048576}
  [   97.5s] walk:end                           in-use  17.16 GiB  peak  24.81 GiB  
  [   97.5s] walk:start                         in-use  17.15 GiB  peak  24.81 GiB  {'queue': 2097152, 'far_cap': 65536, 'near_cap': 1048576}
  [   99.9s] walk:end                           in-use  17.16 GiB  peak  24.81 GiB  
  [   99.9s] walk:start                         in-use  17.15 GiB  peak  24.81 GiB  {'queue': 4194304, 'far_cap': 65536, 'near_cap': 1048576}
  [  102.1s] walk:end                           in-use  17.16 GiB  peak  24.81 GiB  
  [  102.1s] walk:start                         in-use  17.15 GiB  peak  24.81 GiB  {'queue': 8388608, 'far_cap': 65536, 'near_cap': 1048576}
  [  104.5s] walk:end                           in-use  17.16 GiB  peak  24.81 GiB  
  [  104.5s] walk:start                         in-use  17.15 GiB  peak  24.81 GiB  {'queue': 16777216, 'far_cap': 65536, 'near_cap': 1048576}
  [  106.7s] walk:end                           in-use  17.16 GiB  peak  24.81 GiB  
  [  106.7s] walk:start                         in-use  17.15 GiB  peak  24.81 GiB  {'queue': 33554432, 'far_cap': 65536, 'near_cap': 1048576}
  [  109.4s] walk:end                           in-use  17.16 GiB  peak  24.81 GiB  
  [  109.4s] walk:start                         in-use  17.15 GiB  peak  24.81 GiB  {'queue': 67108864, 'far_cap': 65536, 'near_cap': 1048576}
  [  112.1s] walk:end                           in-use  17.16 GiB  peak  24.81 GiB  
  [  112.1s] walk:start                         in-use  17.15 GiB  peak  24.81 GiB  {'queue': 67108864, 'far_cap': 439353344, 'near_cap': 132120576}
  [  114.8s] walk:end                           in-use  21.41 GiB  peak  24.81 GiB  
  [  117.5s] walk+lists:end                     in-use  21.26 GiB  peak  30.74 GiB  
  [  117.5s] downward:start                     in-use  21.26 GiB  peak  30.74 GiB  
  [  124.9s] downward:end                       in-use  24.42 GiB  peak  30.74 GiB  
  [  125.0s] dual+downward:end                  in-use  24.09 GiB  peak  30.74 GiB  
  [  126.2s] prepare:end                        in-use  24.10 GiB  peak  30.74 GiB  
W1004 21:56:32.824726 2693240 hlo_rematerialization.cc:3231] Can't reduce memory use below 32.73GiB (35148878850 bytes) by rematerialization; only reduced to 36.41GiB (39097553802 bytes), down from 51.69GiB (55497643097 bytes) originally
W1004 21:56:56.263805 2693240 bfc_allocator.cc:514] Allocator (GPU_0_bfc) ran out of memory trying to allocate 28.32GiB (rounded to 30407453440)requested by op 
If the cause is memory fragmentation maybe the environment variable 'TF_GPU_ALLOCATOR=cuda_malloc_async' will improve the situation. 
Current allocation summary follows.
Current allocation summary follows.
W1004 21:56:56.264069 2693240 bfc_allocator.cc:525] ***************____***********______________________________________________________________________
Traceback (most recent call last):
  File "/export/home/tbuck/jaccpot-r4-init/jaccpot/runtime/fmm_strict_run.py", line 1917, in _strict_particle_carry_run
    np.asarray(jax.device_get(ok_all))
               ^^^^^^^^^^^^^^^^^^^^^^
  File "/export/home/tbuck/jaccpot/.venv/lib/python3.12/site-packages/jax/_src/api.py", line 2314, in device_get
    return tree_map(_device_get, x)
           ^^^^^^^^^^^^^^^^^^^^^^^^
  File "/export/home/tbuck/jaccpot/.venv/lib/python3.12/site-packages/jax/_src/tree_util.py", line 399, in tree_map
    return treedef.unflatten(f(*xs) for xs in zip(*all_leaves))
           ^^^^^^^^^^^^^^^^^^^^^^^^^^^^^^^^^^^^^^^^^^^^^^^^^^^^
  File "/export/home/tbuck/jaccpot/.venv/lib/python3.12/site-packages/jax/_src/tree_util.py", line 399, in <genexpr>
    return treedef.unflatten(f(*xs) for xs in zip(*all_leaves))
                             ^^^^^^
  File "/export/home/tbuck/jaccpot/.venv/lib/python3.12/site-packages/jax/_src/api.py", line 2275, in _device_get
    return toarray()
           ^^^^^^^^^
  File "/export/home/tbuck/jaccpot/.venv/lib/python3.12/site-packages/jax/_src/array.py", line 414, in __array__
    return np.asarray(self._value, dtype=dtype, **kwds)  # pyrefly: ignore[no-matching-overload]
                      ^^^^^^^^^^^
  File "/export/home/tbuck/jaccpot/.venv/lib/python3.12/site-packages/jax/_src/profiler.py", line 420, in wrapper
    return func(*args, **kwargs)
           ^^^^^^^^^^^^^^^^^^^^^
  File "/export/home/tbuck/jaccpot/.venv/lib/python3.12/site-packages/jax/_src/array.py", line 623, in _value
    npy_value, did_copy = self._single_device_array_to_np_array_did_copy()
                          ^^^^^^^^^^^^^^^^^^^^^^^^^^^^^^^^^^^^^^^^^^^^^^^^
jax.errors.JaxRuntimeError: RESOURCE_EXHAUSTED: Out of memory while trying to allocate 28.32GiB. [executable_name='jit__compiled_runner'] [tf-allocator-allocation-error='']

The above exception was the direct cause of the following exception:

Traceback (most recent call last):
  File "/export/home/tbuck/jaccpot-r4-init/bench/fused_memory_budget.py", line 918, in <module>
    raise SystemExit(main())
                     ^^^^^^
  File "/export/home/tbuck/jaccpot-r4-init/bench/fused_memory_budget.py", line 907, in main
    run_budget(result)
  File "/export/home/tbuck/jaccpot-r4-init/bench/fused_memory_budget.py", line 698, in run_budget
    state, prep, _ = run(state0, None, 1)
                     ^^^^^^^^^^^^^^^^^^^^
  File "/export/home/tbuck/jaccpot-r4-init/bench/fused_memory_budget.py", line 678, in run
    out = solver.strict_run_v2(
          ^^^^^^^^^^^^^^^^^^^^^
  File "/export/home/tbuck/jaccpot-r4-init/jaccpot/solver.py", line 2043, in strict_run_v2
    return self._impl.strict_run_v2(
           ^^^^^^^^^^^^^^^^^^^^^^^^^
  File "/export/home/tbuck/jaccpot-r4-init/jaccpot/runtime/fmm_strict_run.py", line 1267, in strict_run_v2
    state_curr, prepared_curr, history_out = self._strict_particle_carry_run(
                                             ^^^^^^^^^^^^^^^^^^^^^^^^^^^^^^^^
  File "/export/home/tbuck/jaccpot-r4-init/jaccpot/runtime/fmm_strict_run.py", line 1979, in _strict_particle_carry_run
    raise RuntimeError(
RuntimeError: strict fused velocity-Verlet scan failed while host fallback is disallowed
