  [    0.0s] start                              in-use   0.00 GiB  peak   0.00 GiB  
N=136000000 live leaves 8700372 -> leaf capacity 10005504
  [   60.3s] before_prepare                     in-use   2.53 GiB  peak   3.06 GiB  
  [   60.6s] prepare:start                      in-use   6.59 GiB  peak   8.11 GiB  
  [   60.6s] tree+upward:start                  in-use   6.59 GiB  peak   8.11 GiB  
  [   83.3s] tree+upward:end                    in-use  14.67 GiB  peak  22.14 GiB  
  [   83.3s] dual+downward:start                in-use  14.67 GiB  peak  22.14 GiB  
  [   86.3s] walk+lists:start                   in-use  14.98 GiB  peak  22.14 GiB  
  [   87.8s] walk:start                         in-use  15.40 GiB  peak  22.14 GiB  {'queue': 524288, 'far_cap': 65536, 'near_cap': 1048576}
  [   90.2s] walk:end                           in-use  15.41 GiB  peak  22.14 GiB  
  [   90.2s] walk:start                         in-use  15.40 GiB  peak  22.14 GiB  {'queue': 1048576, 'far_cap': 65536, 'near_cap': 1048576}
  [   92.6s] walk:end                           in-use  15.41 GiB  peak  22.14 GiB  
  [   92.6s] walk:start                         in-use  15.40 GiB  peak  22.14 GiB  {'queue': 2097152, 'far_cap': 65536, 'near_cap': 1048576}
  [   95.0s] walk:end                           in-use  15.41 GiB  peak  22.14 GiB  
  [   95.0s] walk:start                         in-use  15.40 GiB  peak  22.14 GiB  {'queue': 4194304, 'far_cap': 65536, 'near_cap': 1048576}
  [   97.4s] walk:end                           in-use  15.41 GiB  peak  22.14 GiB  
  [   97.4s] walk:start                         in-use  15.40 GiB  peak  22.14 GiB  {'queue': 8388608, 'far_cap': 65536, 'near_cap': 1048576}
  [   99.9s] walk:end                           in-use  15.41 GiB  peak  22.14 GiB  
  [   99.9s] walk:start                         in-use  15.40 GiB  peak  22.14 GiB  {'queue': 16777216, 'far_cap': 65536, 'near_cap': 1048576}
  [  102.2s] walk:end                           in-use  15.41 GiB  peak  22.14 GiB  
  [  102.2s] walk:start                         in-use  15.40 GiB  peak  22.14 GiB  {'queue': 33554432, 'far_cap': 65536, 'near_cap': 1048576}
  [  105.0s] walk:end                           in-use  15.41 GiB  peak  22.14 GiB  
  [  105.0s] walk:start                         in-use  15.40 GiB  peak  22.14 GiB  {'queue': 67108864, 'far_cap': 65536, 'near_cap': 1048576}
  [  107.7s] walk:end                           in-use  15.41 GiB  peak  22.14 GiB  
  [  107.7s] walk:start                         in-use  15.40 GiB  peak  22.14 GiB  {'queue': 67108864, 'far_cap': 399507456, 'near_cap': 119537664}
  [  110.4s] walk:end                           in-use  19.39 GiB  peak  22.14 GiB  
  [  113.1s] walk+lists:end                     in-use  19.15 GiB  peak  27.91 GiB  
  [  113.1s] downward:start                     in-use  19.15 GiB  peak  27.91 GiB  
  [  120.6s] downward:end                       in-use  22.00 GiB  peak  27.91 GiB  
  [  120.6s] dual+downward:end                  in-use  21.77 GiB  peak  27.91 GiB  
  [  122.0s] prepare:end                        in-use  21.73 GiB  peak  27.91 GiB  
W1004 18:35:00.402627 2441978 bfc_allocator.cc:514] Allocator (GPU_0_bfc) ran out of memory trying to allocate 6.47GiB (rounded to 6946929408)requested by op 
If the cause is memory fragmentation maybe the environment variable 'TF_GPU_ALLOCATOR=cuda_malloc_async' will improve the situation. 
Current allocation summary follows.
Current allocation summary follows.
W1004 18:35:00.403022 2441978 bfc_allocator.cc:525] *****************************************________________***************************________________
W1004 18:35:18.557960 2441978 hlo_rematerialization.cc:3231] Can't reduce memory use below 27.06GiB (29060878850 bytes) by rematerialization; only reduced to 32.94GiB (35368813241 bytes), down from 36.02GiB (38672861401 bytes) originally
Traceback (most recent call last):
  File "/export/home/tbuck/jaccpot-r3-csr/jaccpot/runtime/fmm_strict_run.py", line 1757, in _strict_particle_carry_run
    np.asarray(jax.device_get(ok_all))
               ^^^^^^^^^^^^^^^^^^^^^^
  File "/export/home/tbuck/jaccpot/.venv/lib/python3.12/site-packages/jax/_src/api.py", line 2314, in device_get
    return tree_map(_device_get, x)
           ^^^^^^^^^^^^^^^^^^^^^^^^
  File "/export/home/tbuck/jaccpot/.venv/lib/python3.12/site-packages/jax/_src/tree_util.py", line 399, in tree_map
    return treedef.unflatten(f(*xs) for xs in zip(*all_leaves))
           ^^^^^^^^^^^^^^^^^^^^^^^^^^^^^^^^^^^^^^^^^^^^^^^^^^^^
  File "/export/home/tbuck/jaccpot/.venv/lib/python3.12/site-packages/jax/_src/tree_util.py", line 399, in <genexpr>
    return treedef.unflatten(f(*xs) for xs in zip(*all_leaves))
                             ^^^^^^
  File "/export/home/tbuck/jaccpot/.venv/lib/python3.12/site-packages/jax/_src/api.py", line 2275, in _device_get
    return toarray()
           ^^^^^^^^^
  File "/export/home/tbuck/jaccpot/.venv/lib/python3.12/site-packages/jax/_src/array.py", line 414, in __array__
    return np.asarray(self._value, dtype=dtype, **kwds)  # pyrefly: ignore[no-matching-overload]
                      ^^^^^^^^^^^
  File "/export/home/tbuck/jaccpot/.venv/lib/python3.12/site-packages/jax/_src/profiler.py", line 420, in wrapper
    return func(*args, **kwargs)
           ^^^^^^^^^^^^^^^^^^^^^
  File "/export/home/tbuck/jaccpot/.venv/lib/python3.12/site-packages/jax/_src/array.py", line 623, in _value
    npy_value, did_copy = self._single_device_array_to_np_array_did_copy()
                          ^^^^^^^^^^^^^^^^^^^^^^^^^^^^^^^^^^^^^^^^^^^^^^^^
jax.errors.JaxRuntimeError: RESOURCE_EXHAUSTED: Out of memory while trying to allocate 6.47GiB. [tf-allocator-allocation-error=''] [executable_name='jit__compiled_runner']

The above exception was the direct cause of the following exception:

Traceback (most recent call last):
  File "/export/home/tbuck/jaccpot-r3-csr/bench/fused_memory_budget.py", line 911, in <module>
    raise SystemExit(main())
                     ^^^^^^
  File "/export/home/tbuck/jaccpot-r3-csr/bench/fused_memory_budget.py", line 900, in main
    run_budget(result)
  File "/export/home/tbuck/jaccpot-r3-csr/bench/fused_memory_budget.py", line 691, in run_budget
    state, prep, _ = run(state0, None, 1)
                     ^^^^^^^^^^^^^^^^^^^^
  File "/export/home/tbuck/jaccpot-r3-csr/bench/fused_memory_budget.py", line 672, in run
    out = solver.strict_run_v2(
          ^^^^^^^^^^^^^^^^^^^^^
  File "/export/home/tbuck/jaccpot-r3-csr/jaccpot/solver.py", line 2037, in strict_run_v2
    return self._impl.strict_run_v2(
           ^^^^^^^^^^^^^^^^^^^^^^^^^
  File "/export/home/tbuck/jaccpot-r3-csr/jaccpot/runtime/fmm_strict_run.py", line 1230, in strict_run_v2
    state_curr, prepared_curr, history_out = self._strict_particle_carry_run(
                                             ^^^^^^^^^^^^^^^^^^^^^^^^^^^^^^^^
  File "/export/home/tbuck/jaccpot-r3-csr/jaccpot/runtime/fmm_strict_run.py", line 1815, in _strict_particle_carry_run
    raise RuntimeError(
RuntimeError: strict fused velocity-Verlet scan failed while host fallback is disallowed
