  [    0.0s] start                              in-use   0.00 GiB  peak   0.00 GiB  
N=152000000 live leaves 9533400 -> leaf capacity 10963968
  [   66.4s] before_prepare                     in-use   2.83 GiB  peak   3.41 GiB  
  [   67.1s] prepare:start                      in-use   7.36 GiB  peak   9.06 GiB  
  [   67.1s] tree+upward:start                  in-use   7.36 GiB  peak   9.06 GiB  
  [   89.3s] tree+upward:end                    in-use  16.20 GiB  peak  24.71 GiB  
  [   89.3s] dual+downward:start                in-use  16.20 GiB  peak  24.71 GiB  
  [   92.5s] walk+lists:start                   in-use  16.64 GiB  peak  24.71 GiB  
  [   94.0s] walk:start                         in-use  17.01 GiB  peak  24.71 GiB  {'queue': 524288, 'far_cap': 65536, 'near_cap': 1048576}
  [   96.4s] walk:end                           in-use  17.02 GiB  peak  24.71 GiB  
  [   96.4s] walk:start                         in-use  17.01 GiB  peak  24.71 GiB  {'queue': 1048576, 'far_cap': 65536, 'near_cap': 1048576}
  [   98.6s] walk:end                           in-use  17.02 GiB  peak  24.71 GiB  
  [   98.6s] walk:start                         in-use  17.01 GiB  peak  24.71 GiB  {'queue': 2097152, 'far_cap': 65536, 'near_cap': 1048576}
  [  101.0s] walk:end                           in-use  17.02 GiB  peak  24.71 GiB  
  [  101.0s] walk:start                         in-use  17.01 GiB  peak  24.71 GiB  {'queue': 4194304, 'far_cap': 65536, 'near_cap': 1048576}
  [  103.2s] walk:end                           in-use  17.02 GiB  peak  24.71 GiB  
  [  103.2s] walk:start                         in-use  17.01 GiB  peak  24.71 GiB  {'queue': 8388608, 'far_cap': 65536, 'near_cap': 1048576}
  [  105.6s] walk:end                           in-use  17.02 GiB  peak  24.71 GiB  
  [  105.6s] walk:start                         in-use  17.01 GiB  peak  24.71 GiB  {'queue': 16777216, 'far_cap': 65536, 'near_cap': 1048576}
  [  107.9s] walk:end                           in-use  17.02 GiB  peak  24.71 GiB  
  [  107.9s] walk:start                         in-use  17.01 GiB  peak  24.71 GiB  {'queue': 33554432, 'far_cap': 65536, 'near_cap': 1048576}
  [  110.7s] walk:end                           in-use  17.02 GiB  peak  24.71 GiB  
  [  110.7s] walk:start                         in-use  17.01 GiB  peak  24.71 GiB  {'queue': 67108864, 'far_cap': 65536, 'near_cap': 1048576}
  [  113.6s] walk:end                           in-use  17.02 GiB  peak  24.71 GiB  
  [  113.6s] walk:start                         in-use  17.01 GiB  peak  24.71 GiB  {'queue': 67108864, 'far_cap': 439353344, 'near_cap': 132120576}
  [  116.4s] walk:end                           in-use  21.27 GiB  peak  24.71 GiB  
  [  119.3s] walk+lists:end                     in-use  21.23 GiB  peak  30.64 GiB  
  [  119.3s] downward:start                     in-use  21.23 GiB  peak  30.64 GiB  
  [  127.1s] downward:end                       in-use  24.34 GiB  peak  30.64 GiB  
  [  127.1s] dual+downward:end                  in-use  23.90 GiB  peak  30.64 GiB  
  [  128.4s] prepare:end                        in-use  24.06 GiB  peak  30.64 GiB  
W1004 18:41:04.222310 2450458 bfc_allocator.cc:514] Allocator (GPU_0_bfc) ran out of memory trying to allocate 7.19GiB (rounded to 7723068672)requested by op 
If the cause is memory fragmentation maybe the environment variable 'TF_GPU_ALLOCATOR=cuda_malloc_async' will improve the situation. 
Current allocation summary follows.
Current allocation summary follows.
W1004 18:41:04.222915 2450458 bfc_allocator.cc:525] ************_**********************************_________________******************************______
W1004 18:41:22.767668 2450458 hlo_rematerialization.cc:3231] Can't reduce memory use below 26.36GiB (28308878850 bytes) by rematerialization; only reduced to 34.27GiB (36799011513 bytes), down from 37.71GiB (40490896025 bytes) originally
Traceback (most recent call last):
  File "/export/home/tbuck/jaccpot-r3-csr/jaccpot/runtime/fmm_strict_run.py", line 1757, in _strict_particle_carry_run
    np.asarray(jax.device_get(ok_all))
               ^^^^^^^^^^^^^^^^^^^^^^
  File "/export/home/tbuck/jaccpot/.venv/lib/python3.12/site-packages/jax/_src/api.py", line 2314, in device_get
    return tree_map(_device_get, x)
           ^^^^^^^^^^^^^^^^^^^^^^^^
  File "/export/home/tbuck/jaccpot/.venv/lib/python3.12/site-packages/jax/_src/tree_util.py", line 399, in tree_map
    return treedef.unflatten(f(*xs) for xs in zip(*all_leaves))
           ^^^^^^^^^^^^^^^^^^^^^^^^^^^^^^^^^^^^^^^^^^^^^^^^^^^^
  File "/export/home/tbuck/jaccpot/.venv/lib/python3.12/site-packages/jax/_src/tree_util.py", line 399, in <genexpr>
    return treedef.unflatten(f(*xs) for xs in zip(*all_leaves))
                             ^^^^^^
  File "/export/home/tbuck/jaccpot/.venv/lib/python3.12/site-packages/jax/_src/api.py", line 2275, in _device_get
    return toarray()
           ^^^^^^^^^
  File "/export/home/tbuck/jaccpot/.venv/lib/python3.12/site-packages/jax/_src/array.py", line 414, in __array__
    return np.asarray(self._value, dtype=dtype, **kwds)  # pyrefly: ignore[no-matching-overload]
                      ^^^^^^^^^^^
  File "/export/home/tbuck/jaccpot/.venv/lib/python3.12/site-packages/jax/_src/profiler.py", line 420, in wrapper
    return func(*args, **kwargs)
           ^^^^^^^^^^^^^^^^^^^^^
  File "/export/home/tbuck/jaccpot/.venv/lib/python3.12/site-packages/jax/_src/array.py", line 623, in _value
    npy_value, did_copy = self._single_device_array_to_np_array_did_copy()
                          ^^^^^^^^^^^^^^^^^^^^^^^^^^^^^^^^^^^^^^^^^^^^^^^^
jax.errors.JaxRuntimeError: RESOURCE_EXHAUSTED: Out of memory while trying to allocate 7.19GiB. [tf-allocator-allocation-error=''] [executable_name='jit__compiled_runner']

The above exception was the direct cause of the following exception:

Traceback (most recent call last):
  File "/export/home/tbuck/jaccpot-r3-csr/bench/fused_memory_budget.py", line 911, in <module>
    raise SystemExit(main())
                     ^^^^^^
  File "/export/home/tbuck/jaccpot-r3-csr/bench/fused_memory_budget.py", line 900, in main
    run_budget(result)
  File "/export/home/tbuck/jaccpot-r3-csr/bench/fused_memory_budget.py", line 691, in run_budget
    state, prep, _ = run(state0, None, 1)
                     ^^^^^^^^^^^^^^^^^^^^
  File "/export/home/tbuck/jaccpot-r3-csr/bench/fused_memory_budget.py", line 672, in run
    out = solver.strict_run_v2(
          ^^^^^^^^^^^^^^^^^^^^^
  File "/export/home/tbuck/jaccpot-r3-csr/jaccpot/solver.py", line 2037, in strict_run_v2
    return self._impl.strict_run_v2(
           ^^^^^^^^^^^^^^^^^^^^^^^^^
  File "/export/home/tbuck/jaccpot-r3-csr/jaccpot/runtime/fmm_strict_run.py", line 1230, in strict_run_v2
    state_curr, prepared_curr, history_out = self._strict_particle_carry_run(
                                             ^^^^^^^^^^^^^^^^^^^^^^^^^^^^^^^^
  File "/export/home/tbuck/jaccpot-r3-csr/jaccpot/runtime/fmm_strict_run.py", line 1815, in _strict_particle_carry_run
    raise RuntimeError(
RuntimeError: strict fused velocity-Verlet scan failed while host fallback is disallowed
