  [    0.0s] start                              in-use   0.00 GiB  peak   0.00 GiB  
N=136000000 live leaves 8700372 -> leaf capacity 10005504
  [   59.1s] before_prepare                     in-use   2.53 GiB  peak   3.06 GiB  
  [   59.6s] prepare:start                      in-use   6.59 GiB  peak   8.11 GiB  
  [   59.6s] tree+upward:start                  in-use   6.59 GiB  peak   8.11 GiB  
  [   81.8s] tree+upward:end                    in-use  14.53 GiB  peak  22.08 GiB  
  [   81.8s] dual+downward:start                in-use  14.53 GiB  peak  22.08 GiB  
  [   84.8s] walk+lists:start                   in-use  14.85 GiB  peak  22.08 GiB  
  [   86.4s] walk:start                         in-use  15.18 GiB  peak  22.08 GiB  {'queue': 524288, 'far_cap': 65536, 'near_cap': 1048576}
  [   88.8s] walk:end                           in-use  15.19 GiB  peak  22.08 GiB  
  [   88.8s] walk:start                         in-use  15.18 GiB  peak  22.08 GiB  {'queue': 1048576, 'far_cap': 65536, 'near_cap': 1048576}
  [   90.9s] walk:end                           in-use  15.19 GiB  peak  22.08 GiB  
  [   90.9s] walk:start                         in-use  15.18 GiB  peak  22.08 GiB  {'queue': 2097152, 'far_cap': 65536, 'near_cap': 1048576}
  [   93.3s] walk:end                           in-use  15.19 GiB  peak  22.08 GiB  
  [   93.3s] walk:start                         in-use  15.18 GiB  peak  22.08 GiB  {'queue': 4194304, 'far_cap': 65536, 'near_cap': 1048576}
  [   95.4s] walk:end                           in-use  15.19 GiB  peak  22.08 GiB  
  [   95.4s] walk:start                         in-use  15.18 GiB  peak  22.08 GiB  {'queue': 8388608, 'far_cap': 65536, 'near_cap': 1048576}
  [   97.8s] walk:end                           in-use  15.19 GiB  peak  22.08 GiB  
  [   97.8s] walk:start                         in-use  15.18 GiB  peak  22.08 GiB  {'queue': 16777216, 'far_cap': 65536, 'near_cap': 1048576}
  [  100.0s] walk:end                           in-use  15.19 GiB  peak  22.08 GiB  
  [  100.0s] walk:start                         in-use  15.18 GiB  peak  22.08 GiB  {'queue': 33554432, 'far_cap': 65536, 'near_cap': 1048576}
  [  102.8s] walk:end                           in-use  15.19 GiB  peak  22.08 GiB  
  [  102.8s] walk:start                         in-use  15.18 GiB  peak  22.08 GiB  {'queue': 67108864, 'far_cap': 65536, 'near_cap': 1048576}
  [  105.3s] walk:end                           in-use  15.19 GiB  peak  22.08 GiB  
  [  105.3s] walk:start                         in-use  15.18 GiB  peak  22.08 GiB  {'queue': 67108864, 'far_cap': 399507456, 'near_cap': 119537664}
  [  108.1s] walk:end                           in-use  19.04 GiB  peak  22.08 GiB  
  [  110.7s] walk+lists:end                     in-use  18.99 GiB  peak  27.52 GiB  
  [  110.7s] downward:start                     in-use  18.99 GiB  peak  27.52 GiB  
  [  118.2s] downward:end                       in-use  21.83 GiB  peak  27.52 GiB  
  [  118.2s] dual+downward:end                  in-use  21.50 GiB  peak  27.52 GiB  
  [  119.5s] prepare:end                        in-use  21.66 GiB  peak  27.52 GiB  
W1004 19:24:47.491334 2504273 bfc_allocator.cc:514] Allocator (GPU_0_bfc) ran out of memory trying to allocate 6.47GiB (rounded to 6946929408)requested by op 
If the cause is memory fragmentation maybe the environment variable 'TF_GPU_ALLOCATOR=cuda_malloc_async' will improve the situation. 
Current allocation summary follows.
Current allocation summary follows.
W1004 19:24:47.491813 2504273 bfc_allocator.cc:525] ***********_*****************************________________***************************________________
W1004 19:25:05.070986 2504273 hlo_rematerialization.cc:3231] Can't reduce memory use below 29.88GiB (32080078850 bytes) by rematerialization; only reduced to 32.94GiB (35368813233 bytes), down from 36.02GiB (38672861393 bytes) originally
Traceback (most recent call last):
  File "/export/home/tbuck/jaccpot-r3-don/jaccpot/runtime/fmm_strict_run.py", line 1773, in _strict_particle_carry_run
    np.asarray(jax.device_get(ok_all))
               ^^^^^^^^^^^^^^^^^^^^^^
  File "/export/home/tbuck/jaccpot/.venv/lib/python3.12/site-packages/jax/_src/api.py", line 2314, in device_get
    return tree_map(_device_get, x)
           ^^^^^^^^^^^^^^^^^^^^^^^^
  File "/export/home/tbuck/jaccpot/.venv/lib/python3.12/site-packages/jax/_src/tree_util.py", line 399, in tree_map
    return treedef.unflatten(f(*xs) for xs in zip(*all_leaves))
           ^^^^^^^^^^^^^^^^^^^^^^^^^^^^^^^^^^^^^^^^^^^^^^^^^^^^
  File "/export/home/tbuck/jaccpot/.venv/lib/python3.12/site-packages/jax/_src/tree_util.py", line 399, in <genexpr>
    return treedef.unflatten(f(*xs) for xs in zip(*all_leaves))
                             ^^^^^^
  File "/export/home/tbuck/jaccpot/.venv/lib/python3.12/site-packages/jax/_src/api.py", line 2275, in _device_get
    return toarray()
           ^^^^^^^^^
  File "/export/home/tbuck/jaccpot/.venv/lib/python3.12/site-packages/jax/_src/array.py", line 414, in __array__
    return np.asarray(self._value, dtype=dtype, **kwds)  # pyrefly: ignore[no-matching-overload]
                      ^^^^^^^^^^^
  File "/export/home/tbuck/jaccpot/.venv/lib/python3.12/site-packages/jax/_src/profiler.py", line 420, in wrapper
    return func(*args, **kwargs)
           ^^^^^^^^^^^^^^^^^^^^^
  File "/export/home/tbuck/jaccpot/.venv/lib/python3.12/site-packages/jax/_src/array.py", line 623, in _value
    npy_value, did_copy = self._single_device_array_to_np_array_did_copy()
                          ^^^^^^^^^^^^^^^^^^^^^^^^^^^^^^^^^^^^^^^^^^^^^^^^
jax.errors.JaxRuntimeError: RESOURCE_EXHAUSTED: Out of memory while trying to allocate 6.47GiB. [executable_name='jit__compiled_runner'] [tf-allocator-allocation-error='']

The above exception was the direct cause of the following exception:

Traceback (most recent call last):
  File "/export/home/tbuck/jaccpot-r3-don/bench/fused_memory_budget.py", line 911, in <module>
    raise SystemExit(main())
                     ^^^^^^
  File "/export/home/tbuck/jaccpot-r3-don/bench/fused_memory_budget.py", line 900, in main
    run_budget(result)
  File "/export/home/tbuck/jaccpot-r3-don/bench/fused_memory_budget.py", line 691, in run_budget
    state, prep, _ = run(state0, None, 1)
                     ^^^^^^^^^^^^^^^^^^^^
  File "/export/home/tbuck/jaccpot-r3-don/bench/fused_memory_budget.py", line 672, in run
    out = solver.strict_run_v2(
          ^^^^^^^^^^^^^^^^^^^^^
  File "/export/home/tbuck/jaccpot-r3-don/jaccpot/solver.py", line 2037, in strict_run_v2
    return self._impl.strict_run_v2(
           ^^^^^^^^^^^^^^^^^^^^^^^^^
  File "/export/home/tbuck/jaccpot-r3-don/jaccpot/runtime/fmm_strict_run.py", line 1230, in strict_run_v2
    state_curr, prepared_curr, history_out = self._strict_particle_carry_run(
                                             ^^^^^^^^^^^^^^^^^^^^^^^^^^^^^^^^
  File "/export/home/tbuck/jaccpot-r3-don/jaccpot/runtime/fmm_strict_run.py", line 1825, in _strict_particle_carry_run
    raise RuntimeError(
RuntimeError: strict fused velocity-Verlet scan failed while host fallback is disallowed
