  [    0.0s] start                              in-use   0.00 GiB  peak   0.00 GiB  
N=152000000 live leaves 9533400 -> leaf capacity 10963968
  [   70.5s] before_prepare                     in-use   2.83 GiB  peak   3.41 GiB  
  [   70.9s] prepare:start                      in-use   7.36 GiB  peak   9.06 GiB  
  [   70.9s] tree+upward:start                  in-use   7.36 GiB  peak   9.06 GiB  
  [   92.3s] tree+upward:end                    in-use  16.21 GiB  peak  24.69 GiB  
  [   92.3s] dual+downward:start                in-use  16.21 GiB  peak  24.69 GiB  
  [   95.3s] walk+lists:start                   in-use  16.65 GiB  peak  24.69 GiB  
  [   96.7s] walk:start                         in-use  17.00 GiB  peak  24.69 GiB  {'queue': 524288, 'far_cap': 65536, 'near_cap': 1048576}
  [   99.0s] walk:end                           in-use  17.01 GiB  peak  24.69 GiB  
  [   99.0s] walk:start                         in-use  17.00 GiB  peak  24.69 GiB  {'queue': 1048576, 'far_cap': 65536, 'near_cap': 1048576}
  [  101.1s] walk:end                           in-use  17.01 GiB  peak  24.69 GiB  
  [  101.1s] walk:start                         in-use  17.00 GiB  peak  24.69 GiB  {'queue': 2097152, 'far_cap': 65536, 'near_cap': 1048576}
  [  103.3s] walk:end                           in-use  17.01 GiB  peak  24.69 GiB  
  [  103.3s] walk:start                         in-use  17.00 GiB  peak  24.69 GiB  {'queue': 4194304, 'far_cap': 65536, 'near_cap': 1048576}
  [  105.5s] walk:end                           in-use  17.01 GiB  peak  24.69 GiB  
  [  105.5s] walk:start                         in-use  17.00 GiB  peak  24.69 GiB  {'queue': 8388608, 'far_cap': 65536, 'near_cap': 1048576}
  [  107.9s] walk:end                           in-use  17.01 GiB  peak  24.69 GiB  
  [  107.9s] walk:start                         in-use  17.00 GiB  peak  24.69 GiB  {'queue': 16777216, 'far_cap': 65536, 'near_cap': 1048576}
  [  110.2s] walk:end                           in-use  17.01 GiB  peak  24.69 GiB  
  [  110.2s] walk:start                         in-use  17.00 GiB  peak  24.69 GiB  {'queue': 33554432, 'far_cap': 65536, 'near_cap': 1048576}
  [  112.9s] walk:end                           in-use  17.01 GiB  peak  24.69 GiB  
  [  112.9s] walk:start                         in-use  17.00 GiB  peak  24.69 GiB  {'queue': 67108864, 'far_cap': 65536, 'near_cap': 1048576}
  [  115.6s] walk:end                           in-use  17.01 GiB  peak  24.69 GiB  
  [  115.6s] walk:start                         in-use  17.00 GiB  peak  24.69 GiB  {'queue': 67108864, 'far_cap': 439353344, 'near_cap': 132120576}
  [  118.3s] walk:end                           in-use  21.26 GiB  peak  24.69 GiB  
  [  121.0s] walk+lists:end                     in-use  21.27 GiB  peak  30.66 GiB  
  [  121.0s] downward:start                     in-use  21.27 GiB  peak  30.66 GiB  
  [  128.4s] downward:end                       in-use  24.38 GiB  peak  30.66 GiB  
  [  128.4s] dual+downward:end                  in-use  23.92 GiB  peak  30.66 GiB  
  [  129.6s] prepare:end                        in-use  24.05 GiB  peak  30.66 GiB  
W1004 19:30:41.980273 2510174 bfc_allocator.cc:514] Allocator (GPU_0_bfc) ran out of memory trying to allocate 7.19GiB (rounded to 7723068672)requested by op 
If the cause is memory fragmentation maybe the environment variable 'TF_GPU_ALLOCATOR=cuda_malloc_async' will improve the situation. 
Current allocation summary follows.
Current allocation summary follows.
W1004 19:30:41.980834 2510174 bfc_allocator.cc:525] **********************************************_________________******************************_______
W1004 19:30:59.194290 2510174 hlo_rematerialization.cc:3231] Can't reduce memory use below 29.51GiB (31683278850 bytes) by rematerialization; only reduced to 34.27GiB (36799011505 bytes), down from 37.71GiB (40490896017 bytes) originally
Traceback (most recent call last):
  File "/export/home/tbuck/jaccpot-r3-don/jaccpot/runtime/fmm_strict_run.py", line 1773, in _strict_particle_carry_run
    np.asarray(jax.device_get(ok_all))
               ^^^^^^^^^^^^^^^^^^^^^^
  File "/export/home/tbuck/jaccpot/.venv/lib/python3.12/site-packages/jax/_src/api.py", line 2314, in device_get
    return tree_map(_device_get, x)
           ^^^^^^^^^^^^^^^^^^^^^^^^
  File "/export/home/tbuck/jaccpot/.venv/lib/python3.12/site-packages/jax/_src/tree_util.py", line 399, in tree_map
    return treedef.unflatten(f(*xs) for xs in zip(*all_leaves))
           ^^^^^^^^^^^^^^^^^^^^^^^^^^^^^^^^^^^^^^^^^^^^^^^^^^^^
  File "/export/home/tbuck/jaccpot/.venv/lib/python3.12/site-packages/jax/_src/tree_util.py", line 399, in <genexpr>
    return treedef.unflatten(f(*xs) for xs in zip(*all_leaves))
                             ^^^^^^
  File "/export/home/tbuck/jaccpot/.venv/lib/python3.12/site-packages/jax/_src/api.py", line 2275, in _device_get
    return toarray()
           ^^^^^^^^^
  File "/export/home/tbuck/jaccpot/.venv/lib/python3.12/site-packages/jax/_src/array.py", line 414, in __array__
    return np.asarray(self._value, dtype=dtype, **kwds)  # pyrefly: ignore[no-matching-overload]
                      ^^^^^^^^^^^
  File "/export/home/tbuck/jaccpot/.venv/lib/python3.12/site-packages/jax/_src/profiler.py", line 420, in wrapper
    return func(*args, **kwargs)
           ^^^^^^^^^^^^^^^^^^^^^
  File "/export/home/tbuck/jaccpot/.venv/lib/python3.12/site-packages/jax/_src/array.py", line 623, in _value
    npy_value, did_copy = self._single_device_array_to_np_array_did_copy()
                          ^^^^^^^^^^^^^^^^^^^^^^^^^^^^^^^^^^^^^^^^^^^^^^^^
jax.errors.JaxRuntimeError: RESOURCE_EXHAUSTED: Out of memory while trying to allocate 7.19GiB. [executable_name='jit__compiled_runner'] [tf-allocator-allocation-error='']

The above exception was the direct cause of the following exception:

Traceback (most recent call last):
  File "/export/home/tbuck/jaccpot-r3-don/bench/fused_memory_budget.py", line 911, in <module>
    raise SystemExit(main())
                     ^^^^^^
  File "/export/home/tbuck/jaccpot-r3-don/bench/fused_memory_budget.py", line 900, in main
    run_budget(result)
  File "/export/home/tbuck/jaccpot-r3-don/bench/fused_memory_budget.py", line 691, in run_budget
    state, prep, _ = run(state0, None, 1)
                     ^^^^^^^^^^^^^^^^^^^^
  File "/export/home/tbuck/jaccpot-r3-don/bench/fused_memory_budget.py", line 672, in run
    out = solver.strict_run_v2(
          ^^^^^^^^^^^^^^^^^^^^^
  File "/export/home/tbuck/jaccpot-r3-don/jaccpot/solver.py", line 2037, in strict_run_v2
    return self._impl.strict_run_v2(
           ^^^^^^^^^^^^^^^^^^^^^^^^^
  File "/export/home/tbuck/jaccpot-r3-don/jaccpot/runtime/fmm_strict_run.py", line 1230, in strict_run_v2
    state_curr, prepared_curr, history_out = self._strict_particle_carry_run(
                                             ^^^^^^^^^^^^^^^^^^^^^^^^^^^^^^^^
  File "/export/home/tbuck/jaccpot-r3-don/jaccpot/runtime/fmm_strict_run.py", line 1825, in _strict_particle_carry_run
    raise RuntimeError(
RuntimeError: strict fused velocity-Verlet scan failed while host fallback is disallowed
