  [    0.0s] start                              in-use   0.00 GiB  peak   0.00 GiB  
N=144000000 live leaves 9118578 -> leaf capacity 10486784
  [   62.2s] before_prepare                     in-use   2.68 GiB  peak   3.24 GiB  
  [   62.5s] prepare:start                      in-use   6.97 GiB  peak   8.58 GiB  
  [   62.5s] tree+upward:start                  in-use   6.97 GiB  peak   8.58 GiB  
  [   83.8s] tree+upward:end                    in-use  15.39 GiB  peak  23.40 GiB  
  [   83.8s] dual+downward:start                in-use  15.39 GiB  peak  23.40 GiB  
  [   86.7s] walk+lists:start                   in-use  15.81 GiB  peak  23.40 GiB  
  [   88.3s] walk:start                         in-use  16.14 GiB  peak  23.40 GiB  {'queue': 524288, 'far_cap': 65536, 'near_cap': 1048576}
  [   90.6s] walk:end                           in-use  16.15 GiB  peak  23.40 GiB  
  [   90.6s] walk:start                         in-use  16.14 GiB  peak  23.40 GiB  {'queue': 1048576, 'far_cap': 65536, 'near_cap': 1048576}
  [   92.6s] walk:end                           in-use  16.15 GiB  peak  23.40 GiB  
  [   92.6s] walk:start                         in-use  16.14 GiB  peak  23.40 GiB  {'queue': 2097152, 'far_cap': 65536, 'near_cap': 1048576}
  [   94.9s] walk:end                           in-use  16.15 GiB  peak  23.40 GiB  
  [   94.9s] walk:start                         in-use  16.14 GiB  peak  23.40 GiB  {'queue': 4194304, 'far_cap': 65536, 'near_cap': 1048576}
  [   97.1s] walk:end                           in-use  16.15 GiB  peak  23.40 GiB  
  [   97.1s] walk:start                         in-use  16.14 GiB  peak  23.40 GiB  {'queue': 8388608, 'far_cap': 65536, 'near_cap': 1048576}
  [   99.5s] walk:end                           in-use  16.15 GiB  peak  23.40 GiB  
  [   99.5s] walk:start                         in-use  16.14 GiB  peak  23.40 GiB  {'queue': 16777216, 'far_cap': 65536, 'near_cap': 1048576}
  [  101.8s] walk:end                           in-use  16.15 GiB  peak  23.40 GiB  
  [  101.8s] walk:start                         in-use  16.14 GiB  peak  23.40 GiB  {'queue': 33554432, 'far_cap': 65536, 'near_cap': 1048576}
  [  104.5s] walk:end                           in-use  16.15 GiB  peak  23.40 GiB  
  [  104.5s] walk:start                         in-use  16.14 GiB  peak  23.40 GiB  {'queue': 67108864, 'far_cap': 65536, 'near_cap': 1048576}
  [  107.1s] walk:end                           in-use  16.15 GiB  peak  23.40 GiB  
  [  107.1s] walk:start                         in-use  16.14 GiB  peak  23.40 GiB  {'queue': 67108864, 'far_cap': 418906112, 'near_cap': 125829120}
  [  109.7s] walk:end                           in-use  20.20 GiB  peak  23.40 GiB  
  [  112.5s] walk+lists:end                     in-use  20.20 GiB  peak  29.15 GiB  
  [  112.5s] downward:start                     in-use  20.20 GiB  peak  29.15 GiB  
  [  119.5s] downward:end                       in-use  23.17 GiB  peak  29.15 GiB  
  [  119.5s] dual+downward:end                  in-use  22.75 GiB  peak  29.15 GiB  
  [  120.7s] prepare:end                        in-use  22.86 GiB  peak  29.15 GiB  
W1004 19:27:40.652153 2507107 bfc_allocator.cc:514] Allocator (GPU_0_bfc) ran out of memory trying to allocate 6.83GiB (rounded to 7335048448)requested by op 
If the cause is memory fragmentation maybe the environment variable 'TF_GPU_ALLOCATOR=cuda_malloc_async' will improve the situation. 
Current allocation summary follows.
Current allocation summary follows.
W1004 19:27:40.652709 2507107 bfc_allocator.cc:525] ********************************************________________*****************************___________
W1004 19:27:57.727024 2507107 hlo_rematerialization.cc:3231] Can't reduce memory use below 29.69GiB (31881678850 bytes) by rematerialization; only reduced to 32.83GiB (35253600953 bytes), down from 36.09GiB (38751573265 bytes) originally
Traceback (most recent call last):
  File "/export/home/tbuck/jaccpot-r3-don/jaccpot/runtime/fmm_strict_run.py", line 1773, in _strict_particle_carry_run
    np.asarray(jax.device_get(ok_all))
               ^^^^^^^^^^^^^^^^^^^^^^
  File "/export/home/tbuck/jaccpot/.venv/lib/python3.12/site-packages/jax/_src/api.py", line 2314, in device_get
    return tree_map(_device_get, x)
           ^^^^^^^^^^^^^^^^^^^^^^^^
  File "/export/home/tbuck/jaccpot/.venv/lib/python3.12/site-packages/jax/_src/tree_util.py", line 399, in tree_map
    return treedef.unflatten(f(*xs) for xs in zip(*all_leaves))
           ^^^^^^^^^^^^^^^^^^^^^^^^^^^^^^^^^^^^^^^^^^^^^^^^^^^^
  File "/export/home/tbuck/jaccpot/.venv/lib/python3.12/site-packages/jax/_src/tree_util.py", line 399, in <genexpr>
    return treedef.unflatten(f(*xs) for xs in zip(*all_leaves))
                             ^^^^^^
  File "/export/home/tbuck/jaccpot/.venv/lib/python3.12/site-packages/jax/_src/api.py", line 2275, in _device_get
    return toarray()
           ^^^^^^^^^
  File "/export/home/tbuck/jaccpot/.venv/lib/python3.12/site-packages/jax/_src/array.py", line 414, in __array__
    return np.asarray(self._value, dtype=dtype, **kwds)  # pyrefly: ignore[no-matching-overload]
                      ^^^^^^^^^^^
  File "/export/home/tbuck/jaccpot/.venv/lib/python3.12/site-packages/jax/_src/profiler.py", line 420, in wrapper
    return func(*args, **kwargs)
           ^^^^^^^^^^^^^^^^^^^^^
  File "/export/home/tbuck/jaccpot/.venv/lib/python3.12/site-packages/jax/_src/array.py", line 623, in _value
    npy_value, did_copy = self._single_device_array_to_np_array_did_copy()
                          ^^^^^^^^^^^^^^^^^^^^^^^^^^^^^^^^^^^^^^^^^^^^^^^^
jax.errors.JaxRuntimeError: RESOURCE_EXHAUSTED: Out of memory while trying to allocate 6.83GiB. [executable_name='jit__compiled_runner'] [tf-allocator-allocation-error='']

The above exception was the direct cause of the following exception:

Traceback (most recent call last):
  File "/export/home/tbuck/jaccpot-r3-don/bench/fused_memory_budget.py", line 911, in <module>
    raise SystemExit(main())
                     ^^^^^^
  File "/export/home/tbuck/jaccpot-r3-don/bench/fused_memory_budget.py", line 900, in main
    run_budget(result)
  File "/export/home/tbuck/jaccpot-r3-don/bench/fused_memory_budget.py", line 691, in run_budget
    state, prep, _ = run(state0, None, 1)
                     ^^^^^^^^^^^^^^^^^^^^
  File "/export/home/tbuck/jaccpot-r3-don/bench/fused_memory_budget.py", line 672, in run
    out = solver.strict_run_v2(
          ^^^^^^^^^^^^^^^^^^^^^
  File "/export/home/tbuck/jaccpot-r3-don/jaccpot/solver.py", line 2037, in strict_run_v2
    return self._impl.strict_run_v2(
           ^^^^^^^^^^^^^^^^^^^^^^^^^
  File "/export/home/tbuck/jaccpot-r3-don/jaccpot/runtime/fmm_strict_run.py", line 1230, in strict_run_v2
    state_curr, prepared_curr, history_out = self._strict_particle_carry_run(
                                             ^^^^^^^^^^^^^^^^^^^^^^^^^^^^^^^^
  File "/export/home/tbuck/jaccpot-r3-don/jaccpot/runtime/fmm_strict_run.py", line 1825, in _strict_particle_carry_run
    raise RuntimeError(
RuntimeError: strict fused velocity-Verlet scan failed while host fallback is disallowed
