  [    0.0s] start                              in-use   0.00 GiB  peak   0.00 GiB  
N=144000000 live leaves 9118578 -> leaf capacity 10486784
  [   61.8s] before_prepare                     in-use   2.68 GiB  peak   3.24 GiB  
  [   62.1s] prepare:start                      in-use   6.97 GiB  peak   8.58 GiB  
  [   62.1s] tree+upward:start                  in-use   6.97 GiB  peak   8.58 GiB  
  [   83.7s] tree+upward:end                    in-use  15.44 GiB  peak  23.43 GiB  
  [   83.7s] dual+downward:start                in-use  15.44 GiB  peak  23.43 GiB  
  [   86.5s] walk+lists:start                   in-use  15.87 GiB  peak  23.43 GiB  
  [   88.2s] walk:start                         in-use  16.25 GiB  peak  23.43 GiB  {'queue': 524288, 'far_cap': 65536, 'near_cap': 1048576}
  [   90.4s] walk:end                           in-use  16.25 GiB  peak  23.43 GiB  
  [   90.4s] walk:start                         in-use  16.25 GiB  peak  23.43 GiB  {'queue': 1048576, 'far_cap': 65536, 'near_cap': 1048576}
  [   92.6s] walk:end                           in-use  16.25 GiB  peak  23.43 GiB  
  [   92.6s] walk:start                         in-use  16.25 GiB  peak  23.43 GiB  {'queue': 2097152, 'far_cap': 65536, 'near_cap': 1048576}
  [   94.9s] walk:end                           in-use  16.25 GiB  peak  23.43 GiB  
  [   94.9s] walk:start                         in-use  16.25 GiB  peak  23.43 GiB  {'queue': 4194304, 'far_cap': 65536, 'near_cap': 1048576}
  [   97.0s] walk:end                           in-use  16.25 GiB  peak  23.43 GiB  
  [   97.0s] walk:start                         in-use  16.25 GiB  peak  23.43 GiB  {'queue': 8388608, 'far_cap': 65536, 'near_cap': 1048576}
  [   99.3s] walk:end                           in-use  16.25 GiB  peak  23.43 GiB  
  [   99.3s] walk:start                         in-use  16.25 GiB  peak  23.43 GiB  {'queue': 16777216, 'far_cap': 65536, 'near_cap': 1048576}
  [  101.5s] walk:end                           in-use  16.25 GiB  peak  23.43 GiB  
  [  101.5s] walk:start                         in-use  16.25 GiB  peak  23.43 GiB  {'queue': 33554432, 'far_cap': 65536, 'near_cap': 1048576}
  [  104.0s] walk:end                           in-use  16.25 GiB  peak  23.43 GiB  
  [  104.0s] walk:start                         in-use  16.25 GiB  peak  23.43 GiB  {'queue': 67108864, 'far_cap': 65536, 'near_cap': 1048576}
  [  106.7s] walk:end                           in-use  16.25 GiB  peak  23.43 GiB  
  [  106.7s] walk:start                         in-use  16.25 GiB  peak  23.43 GiB  {'queue': 67108864, 'far_cap': 418906112, 'near_cap': 125829120}
  [  109.4s] walk:end                           in-use  20.30 GiB  peak  23.43 GiB  
  [  112.3s] walk+lists:end                     in-use  20.25 GiB  peak  29.23 GiB  
  [  112.3s] downward:start                     in-use  20.25 GiB  peak  29.23 GiB  
  [  119.6s] downward:end                       in-use  23.22 GiB  peak  29.23 GiB  
  [  119.6s] dual+downward:end                  in-use  22.78 GiB  peak  29.23 GiB  
  [  121.1s] prepare:end                        in-use  22.84 GiB  peak  29.23 GiB  
W1004 21:32:58.632388 2662895 bfc_allocator.cc:514] Allocator (GPU_0_bfc) ran out of memory trying to allocate 6.10GiB (rounded to 6545739264)requested by op 
If the cause is memory fragmentation maybe the environment variable 'TF_GPU_ALLOCATOR=cuda_malloc_async' will improve the situation. 
Current allocation summary follows.
Current allocation summary follows.
W1004 21:32:58.632791 2662895 bfc_allocator.cc:525] ********************************************________________*****************************___________
Traceback (most recent call last):
  File "/export/home/tbuck/jaccpot-r4-rows/bench/fused_memory_budget.py", line 918, in <module>
    raise SystemExit(main())
                     ^^^^^^
  File "/export/home/tbuck/jaccpot-r4-rows/bench/fused_memory_budget.py", line 907, in main
    run_budget(result)
  File "/export/home/tbuck/jaccpot-r4-rows/bench/fused_memory_budget.py", line 698, in run_budget
    state, prep, _ = run(state0, None, 1)
                     ^^^^^^^^^^^^^^^^^^^^
  File "/export/home/tbuck/jaccpot-r4-rows/bench/fused_memory_budget.py", line 678, in run
    out = solver.strict_run_v2(
          ^^^^^^^^^^^^^^^^^^^^^
  File "/export/home/tbuck/jaccpot-r4-rows/jaccpot/solver.py", line 2043, in strict_run_v2
    return self._impl.strict_run_v2(
           ^^^^^^^^^^^^^^^^^^^^^^^^^
  File "/export/home/tbuck/jaccpot-r4-rows/jaccpot/runtime/fmm_strict_run.py", line 1281, in strict_run_v2
    state_curr, prepared_curr, history_out = self._strict_particle_carry_run(
                                             ^^^^^^^^^^^^^^^^^^^^^^^^^^^^^^^^
  File "/export/home/tbuck/jaccpot-r4-rows/jaccpot/runtime/fmm_strict_run.py", line 1852, in _strict_particle_carry_run
    acceleration_self_current = _relocated(acceleration_self_current)
                                ^^^^^^^^^^^^^^^^^^^^^^^^^^^^^^^^^^^^^
  File "/export/home/tbuck/jaccpot-r4-rows/jaccpot/runtime/fmm_strict_run.py", line 75, in _relocated
    host = np.asarray(jax.device_get(arr))
                      ^^^^^^^^^^^^^^^^^^^
  File "/export/home/tbuck/jaccpot/.venv/lib/python3.12/site-packages/jax/_src/api.py", line 2314, in device_get
    return tree_map(_device_get, x)
           ^^^^^^^^^^^^^^^^^^^^^^^^
  File "/export/home/tbuck/jaccpot/.venv/lib/python3.12/site-packages/jax/_src/tree_util.py", line 399, in tree_map
    return treedef.unflatten(f(*xs) for xs in zip(*all_leaves))
           ^^^^^^^^^^^^^^^^^^^^^^^^^^^^^^^^^^^^^^^^^^^^^^^^^^^^
  File "/export/home/tbuck/jaccpot/.venv/lib/python3.12/site-packages/jax/_src/tree_util.py", line 399, in <genexpr>
    return treedef.unflatten(f(*xs) for xs in zip(*all_leaves))
                             ^^^^^^
  File "/export/home/tbuck/jaccpot/.venv/lib/python3.12/site-packages/jax/_src/api.py", line 2275, in _device_get
    return toarray()
           ^^^^^^^^^
  File "/export/home/tbuck/jaccpot/.venv/lib/python3.12/site-packages/jax/_src/array.py", line 414, in __array__
    return np.asarray(self._value, dtype=dtype, **kwds)  # pyrefly: ignore[no-matching-overload]
                      ^^^^^^^^^^^
  File "/export/home/tbuck/jaccpot/.venv/lib/python3.12/site-packages/jax/_src/profiler.py", line 420, in wrapper
    return func(*args, **kwargs)
           ^^^^^^^^^^^^^^^^^^^^^
  File "/export/home/tbuck/jaccpot/.venv/lib/python3.12/site-packages/jax/_src/array.py", line 623, in _value
    npy_value, did_copy = self._single_device_array_to_np_array_did_copy()
                          ^^^^^^^^^^^^^^^^^^^^^^^^^^^^^^^^^^^^^^^^^^^^^^^^
jax.errors.JaxRuntimeError: RESOURCE_EXHAUSTED: Out of memory while trying to allocate 6.10GiB. [tf-allocator-allocation-error=''] [executable_name='jit__fastlane_body']
