  [    0.0s] start                              in-use   0.00 GiB  peak   0.00 GiB  
N=136000000 live leaves 8700372 -> leaf capacity 10005504
  [   58.0s] before_prepare                     in-use   2.53 GiB  peak   3.06 GiB  
  [   58.3s] prepare:start                      in-use   6.59 GiB  peak   8.11 GiB  
  [   58.3s] tree+upward:start                  in-use   6.59 GiB  peak   8.11 GiB  
  [   79.9s] tree+upward:end                    in-use  14.60 GiB  peak  22.13 GiB  
  [   79.9s] dual+downward:start                in-use  14.60 GiB  peak  22.13 GiB  
  [   82.7s] walk+lists:start                   in-use  15.02 GiB  peak  22.13 GiB  
  [   84.1s] walk:start                         in-use  15.38 GiB  peak  22.13 GiB  {'queue': 524288, 'far_cap': 65536, 'near_cap': 1048576}
  [   86.4s] walk:end                           in-use  15.38 GiB  peak  22.13 GiB  
  [   86.4s] walk:start                         in-use  15.38 GiB  peak  22.13 GiB  {'queue': 1048576, 'far_cap': 65536, 'near_cap': 1048576}
  [   88.5s] walk:end                           in-use  15.38 GiB  peak  22.13 GiB  
  [   88.5s] walk:start                         in-use  15.38 GiB  peak  22.13 GiB  {'queue': 2097152, 'far_cap': 65536, 'near_cap': 1048576}
  [   90.8s] walk:end                           in-use  15.38 GiB  peak  22.13 GiB  
  [   90.8s] walk:start                         in-use  15.38 GiB  peak  22.13 GiB  {'queue': 4194304, 'far_cap': 65536, 'near_cap': 1048576}
  [   92.9s] walk:end                           in-use  15.38 GiB  peak  22.13 GiB  
  [   92.9s] walk:start                         in-use  15.38 GiB  peak  22.13 GiB  {'queue': 8388608, 'far_cap': 65536, 'near_cap': 1048576}
  [   95.2s] walk:end                           in-use  15.38 GiB  peak  22.13 GiB  
  [   95.2s] walk:start                         in-use  15.38 GiB  peak  22.13 GiB  {'queue': 16777216, 'far_cap': 65536, 'near_cap': 1048576}
  [   97.4s] walk:end                           in-use  15.38 GiB  peak  22.13 GiB  
  [   97.4s] walk:start                         in-use  15.38 GiB  peak  22.13 GiB  {'queue': 33554432, 'far_cap': 65536, 'near_cap': 1048576}
  [  100.0s] walk:end                           in-use  15.38 GiB  peak  22.13 GiB  
  [  100.0s] walk:start                         in-use  15.38 GiB  peak  22.13 GiB  {'queue': 67108864, 'far_cap': 65536, 'near_cap': 1048576}
  [  102.6s] walk:end                           in-use  15.38 GiB  peak  22.13 GiB  
  [  102.6s] walk:start                         in-use  15.38 GiB  peak  22.13 GiB  {'queue': 67108864, 'far_cap': 399507456, 'near_cap': 119537664}
  [  105.3s] walk:end                           in-use  19.24 GiB  peak  22.13 GiB  
  [  107.9s] walk+lists:end                     in-use  19.16 GiB  peak  27.72 GiB  
  [  107.9s] downward:start                     in-use  19.16 GiB  peak  27.72 GiB  
  [  115.3s] downward:end                       in-use  21.99 GiB  peak  27.72 GiB  
  [  115.4s] dual+downward:end                  in-use  21.57 GiB  peak  27.72 GiB  
  [  116.6s] prepare:end                        in-use  21.64 GiB  peak  27.72 GiB  
W1004 21:02:06.553470 2622239 bfc_allocator.cc:514] Allocator (GPU_0_bfc) ran out of memory trying to allocate 6.47GiB (rounded to 6946929408)requested by op 
If the cause is memory fragmentation maybe the environment variable 'TF_GPU_ALLOCATOR=cuda_malloc_async' will improve the situation. 
Current allocation summary follows.
Current allocation summary follows.
W1004 21:02:06.553867 2622239 bfc_allocator.cc:525] *****************************************________________***************************________________
Traceback (most recent call last):
  File "/export/home/tbuck/jaccpot-r4-don/bench/fused_memory_budget.py", line 918, in <module>
    raise SystemExit(main())
                     ^^^^^^
  File "/export/home/tbuck/jaccpot-r4-don/bench/fused_memory_budget.py", line 907, in main
    run_budget(result)
  File "/export/home/tbuck/jaccpot-r4-don/bench/fused_memory_budget.py", line 698, in run_budget
    state, prep, _ = run(state0, None, 1)
                     ^^^^^^^^^^^^^^^^^^^^
  File "/export/home/tbuck/jaccpot-r4-don/bench/fused_memory_budget.py", line 678, in run
    out = solver.strict_run_v2(
          ^^^^^^^^^^^^^^^^^^^^^
  File "/export/home/tbuck/jaccpot-r4-don/jaccpot/solver.py", line 2043, in strict_run_v2
    return self._impl.strict_run_v2(
           ^^^^^^^^^^^^^^^^^^^^^^^^^
  File "/export/home/tbuck/jaccpot-r4-don/jaccpot/runtime/fmm_strict_run.py", line 1277, in strict_run_v2
    state_curr, prepared_curr, history_out = self._strict_particle_carry_run(
                                             ^^^^^^^^^^^^^^^^^^^^^^^^^^^^^^^^
  File "/export/home/tbuck/jaccpot-r4-don/jaccpot/runtime/fmm_strict_run.py", line 1848, in _strict_particle_carry_run
    acceleration_self_current = _relocated(acceleration_self_current)
                                ^^^^^^^^^^^^^^^^^^^^^^^^^^^^^^^^^^^^^
  File "/export/home/tbuck/jaccpot-r4-don/jaccpot/runtime/fmm_strict_run.py", line 74, in _relocated
    host = np.asarray(jax.device_get(arr))
                      ^^^^^^^^^^^^^^^^^^^
  File "/export/home/tbuck/jaccpot/.venv/lib/python3.12/site-packages/jax/_src/api.py", line 2314, in device_get
    return tree_map(_device_get, x)
           ^^^^^^^^^^^^^^^^^^^^^^^^
  File "/export/home/tbuck/jaccpot/.venv/lib/python3.12/site-packages/jax/_src/tree_util.py", line 399, in tree_map
    return treedef.unflatten(f(*xs) for xs in zip(*all_leaves))
           ^^^^^^^^^^^^^^^^^^^^^^^^^^^^^^^^^^^^^^^^^^^^^^^^^^^^
  File "/export/home/tbuck/jaccpot/.venv/lib/python3.12/site-packages/jax/_src/tree_util.py", line 399, in <genexpr>
    return treedef.unflatten(f(*xs) for xs in zip(*all_leaves))
                             ^^^^^^
  File "/export/home/tbuck/jaccpot/.venv/lib/python3.12/site-packages/jax/_src/api.py", line 2275, in _device_get
    return toarray()
           ^^^^^^^^^
  File "/export/home/tbuck/jaccpot/.venv/lib/python3.12/site-packages/jax/_src/array.py", line 414, in __array__
    return np.asarray(self._value, dtype=dtype, **kwds)  # pyrefly: ignore[no-matching-overload]
                      ^^^^^^^^^^^
  File "/export/home/tbuck/jaccpot/.venv/lib/python3.12/site-packages/jax/_src/profiler.py", line 420, in wrapper
    return func(*args, **kwargs)
           ^^^^^^^^^^^^^^^^^^^^^
  File "/export/home/tbuck/jaccpot/.venv/lib/python3.12/site-packages/jax/_src/array.py", line 623, in _value
    npy_value, did_copy = self._single_device_array_to_np_array_did_copy()
                          ^^^^^^^^^^^^^^^^^^^^^^^^^^^^^^^^^^^^^^^^^^^^^^^^
jax.errors.JaxRuntimeError: RESOURCE_EXHAUSTED: Out of memory while trying to allocate 6.47GiB. [tf-allocator-allocation-error=''] [executable_name='jit__fastlane_body']
