  [    0.0s] start                              in-use   0.00 GiB  peak   0.00 GiB  
N=152000000 live leaves 9533400 -> leaf capacity 10963968
  [   69.5s] before_prepare                     in-use   2.83 GiB  peak   3.41 GiB  
  [   69.9s] prepare:start                      in-use   7.36 GiB  peak   9.06 GiB  
  [   69.9s] tree+upward:start                  in-use   7.36 GiB  peak   9.06 GiB  
  [   96.6s] tree+upward:end                    in-use  16.12 GiB  peak  24.58 GiB  
  [   96.6s] dual+downward:start                in-use  16.12 GiB  peak  24.58 GiB  
  [   99.6s] walk+lists:start                   in-use  16.45 GiB  peak  24.58 GiB  
  [  101.1s] walk:start                         in-use  16.79 GiB  peak  24.58 GiB  {'queue': 524288, 'far_cap': 65536, 'near_cap': 1048576}
  [  103.4s] walk:end                           in-use  16.80 GiB  peak  24.58 GiB  
  [  103.4s] walk:start                         in-use  16.79 GiB  peak  24.58 GiB  {'queue': 1048576, 'far_cap': 65536, 'near_cap': 1048576}
  [  105.5s] walk:end                           in-use  16.80 GiB  peak  24.58 GiB  
  [  105.5s] walk:start                         in-use  16.79 GiB  peak  24.58 GiB  {'queue': 2097152, 'far_cap': 65536, 'near_cap': 1048576}
  [  107.8s] walk:end                           in-use  16.80 GiB  peak  24.58 GiB  
  [  107.8s] walk:start                         in-use  16.79 GiB  peak  24.58 GiB  {'queue': 4194304, 'far_cap': 65536, 'near_cap': 1048576}
  [  109.9s] walk:end                           in-use  16.80 GiB  peak  24.58 GiB  
  [  109.9s] walk:start                         in-use  16.79 GiB  peak  24.58 GiB  {'queue': 8388608, 'far_cap': 65536, 'near_cap': 1048576}
  [  112.3s] walk:end                           in-use  16.80 GiB  peak  24.58 GiB  
  [  112.3s] walk:start                         in-use  16.79 GiB  peak  24.58 GiB  {'queue': 16777216, 'far_cap': 65536, 'near_cap': 1048576}
  [  114.5s] walk:end                           in-use  16.80 GiB  peak  24.58 GiB  
  [  114.5s] walk:start                         in-use  16.79 GiB  peak  24.58 GiB  {'queue': 33554432, 'far_cap': 65536, 'near_cap': 1048576}
  [  117.2s] walk:end                           in-use  16.80 GiB  peak  24.58 GiB  
  [  117.2s] walk:start                         in-use  16.79 GiB  peak  24.58 GiB  {'queue': 67108864, 'far_cap': 65536, 'near_cap': 1048576}
  [  119.9s] walk:end                           in-use  16.80 GiB  peak  24.58 GiB  
  [  119.9s] walk:start                         in-use  16.79 GiB  peak  24.58 GiB  {'queue': 67108864, 'far_cap': 439353344, 'near_cap': 132120576}
  [  122.6s] walk:end                           in-use  21.05 GiB  peak  24.58 GiB  
  [  125.5s] walk+lists:end                     in-use  20.99 GiB  peak  30.38 GiB  
  [  125.5s] downward:start                     in-use  20.99 GiB  peak  30.38 GiB  
  [  132.9s] downward:end                       in-use  24.09 GiB  peak  30.38 GiB  
  [  132.9s] dual+downward:end                  in-use  23.77 GiB  peak  30.38 GiB  
  [  134.2s] prepare:end                        in-use  23.89 GiB  peak  30.38 GiB  
W1004 19:37:33.387316 2516927 hlo_rematerialization.cc:3231] Can't reduce memory use below 26.50GiB (28458849977 bytes) by rematerialization; only reduced to 34.27GiB (36799011505 bytes), down from 37.71GiB (40490896017 bytes) originally
W1004 19:38:05.597562 2516927 hlo_rematerialization.cc:3231] Can't reduce memory use below 24.89GiB (26726049977 bytes) by rematerialization; only reduced to 35.95GiB (38601886453 bytes), down from 38.84GiB (41706896033 bytes) originally
 Reported by CUDA: Free memory/Total memory: 20364394496/42405855232
InUse:                        15.85GiB
MaxInUse:                     31.08GiB
NumAllocs:                       14389
MaxAllocSize:                 19.98GiB
Reserved:                           0B
PeakReserved:                       0B
LargestFreeBlock:                   0B

Traceback (most recent call last):
  File "/export/home/tbuck/jaccpot-r3-don/jaccpot/runtime/fmm_strict_run.py", line 1773, in _strict_particle_carry_run
    np.asarray(jax.device_get(ok_all))
               ^^^^^^^^^^^^^^^^^^^^^^
  File "/export/home/tbuck/jaccpot/.venv/lib/python3.12/site-packages/jax/_src/api.py", line 2314, in device_get
    return tree_map(_device_get, x)
           ^^^^^^^^^^^^^^^^^^^^^^^^
  File "/export/home/tbuck/jaccpot/.venv/lib/python3.12/site-packages/jax/_src/tree_util.py", line 399, in tree_map
    return treedef.unflatten(f(*xs) for xs in zip(*all_leaves))
           ^^^^^^^^^^^^^^^^^^^^^^^^^^^^^^^^^^^^^^^^^^^^^^^^^^^^
  File "/export/home/tbuck/jaccpot/.venv/lib/python3.12/site-packages/jax/_src/tree_util.py", line 399, in <genexpr>
    return treedef.unflatten(f(*xs) for xs in zip(*all_leaves))
                             ^^^^^^
  File "/export/home/tbuck/jaccpot/.venv/lib/python3.12/site-packages/jax/_src/api.py", line 2275, in _device_get
    return toarray()
           ^^^^^^^^^
  File "/export/home/tbuck/jaccpot/.venv/lib/python3.12/site-packages/jax/_src/array.py", line 414, in __array__
    return np.asarray(self._value, dtype=dtype, **kwds)  # pyrefly: ignore[no-matching-overload]
                      ^^^^^^^^^^^
  File "/export/home/tbuck/jaccpot/.venv/lib/python3.12/site-packages/jax/_src/profiler.py", line 420, in wrapper
    return func(*args, **kwargs)
           ^^^^^^^^^^^^^^^^^^^^^
  File "/export/home/tbuck/jaccpot/.venv/lib/python3.12/site-packages/jax/_src/array.py", line 623, in _value
    npy_value, did_copy = self._single_device_array_to_np_array_did_copy()
                          ^^^^^^^^^^^^^^^^^^^^^^^^^^^^^^^^^^^^^^^^^^^^^^^^
jax.errors.JaxRuntimeError: RESOURCE_EXHAUSTED: Out of memory while trying to allocate 22.62GiB. [tf-allocator-allocation-error=''] [executable_name='jit__compiled_runner']

The above exception was the direct cause of the following exception:

Traceback (most recent call last):
  File "/export/home/tbuck/jaccpot-r3-don/bench/fused_memory_budget.py", line 911, in <module>
    raise SystemExit(main())
                     ^^^^^^
  File "/export/home/tbuck/jaccpot-r3-don/bench/fused_memory_budget.py", line 900, in main
    run_budget(result)
  File "/export/home/tbuck/jaccpot-r3-don/bench/fused_memory_budget.py", line 692, in run_budget
    state, prep, _ = run(state, prep, ARGS.steps)
                     ^^^^^^^^^^^^^^^^^^^^^^^^^^^^
  File "/export/home/tbuck/jaccpot-r3-don/bench/fused_memory_budget.py", line 672, in run
    out = solver.strict_run_v2(
          ^^^^^^^^^^^^^^^^^^^^^
  File "/export/home/tbuck/jaccpot-r3-don/jaccpot/solver.py", line 2037, in strict_run_v2
    return self._impl.strict_run_v2(
           ^^^^^^^^^^^^^^^^^^^^^^^^^
  File "/export/home/tbuck/jaccpot-r3-don/jaccpot/runtime/fmm_strict_run.py", line 1230, in strict_run_v2
    state_curr, prepared_curr, history_out = self._strict_particle_carry_run(
                                             ^^^^^^^^^^^^^^^^^^^^^^^^^^^^^^^^
  File "/export/home/tbuck/jaccpot-r3-don/jaccpot/runtime/fmm_strict_run.py", line 1825, in _strict_particle_carry_run
    raise RuntimeError(
RuntimeError: strict fused velocity-Verlet scan failed while host fallback is disallowed
