  [    0.0s] start                              in-use   0.00 GiB  peak   0.00 GiB  
N=168000000 live leaves 10341069 -> leaf capacity 11892736
  [   87.5s] before_prepare                     in-use   2.50 GiB  peak   3.77 GiB  
  [   87.9s] prepare:start                      in-use   8.14 GiB  peak  10.01 GiB  
  [   87.9s] tree+upward:start                  in-use   8.14 GiB  peak  10.01 GiB  
  [  115.0s] tree+upward:end                    in-use  17.73 GiB  peak  27.14 GiB  
  [  115.0s] dual+downward:start                in-use  17.73 GiB  peak  27.14 GiB  
  [  118.3s] walk+lists:start                   in-use  18.08 GiB  peak  27.14 GiB  
  [  120.1s] walk:start                         in-use  18.46 GiB  peak  27.14 GiB  {'queue': 524288, 'far_cap': 65536, 'near_cap': 1048576}
  [  122.3s] walk:end                           in-use  18.47 GiB  peak  27.14 GiB  
  [  122.3s] walk:start                         in-use  18.46 GiB  peak  27.14 GiB  {'queue': 1048576, 'far_cap': 65536, 'near_cap': 1048576}
  [  124.4s] walk:end                           in-use  18.47 GiB  peak  27.14 GiB  
  [  124.4s] walk:start                         in-use  18.46 GiB  peak  27.14 GiB  {'queue': 2097152, 'far_cap': 65536, 'near_cap': 1048576}
  [  126.7s] walk:end                           in-use  18.47 GiB  peak  27.14 GiB  
  [  126.7s] walk:start                         in-use  18.46 GiB  peak  27.14 GiB  {'queue': 4194304, 'far_cap': 65536, 'near_cap': 1048576}
  [  128.8s] walk:end                           in-use  18.47 GiB  peak  27.14 GiB  
  [  128.8s] walk:start                         in-use  18.46 GiB  peak  27.14 GiB  {'queue': 8388608, 'far_cap': 65536, 'near_cap': 1048576}
  [  131.2s] walk:end                           in-use  18.47 GiB  peak  27.14 GiB  
  [  131.2s] walk:start                         in-use  18.46 GiB  peak  27.14 GiB  {'queue': 16777216, 'far_cap': 65536, 'near_cap': 1048576}
  [  133.4s] walk:end                           in-use  18.47 GiB  peak  27.14 GiB  
  [  133.4s] walk:start                         in-use  18.46 GiB  peak  27.14 GiB  {'queue': 33554432, 'far_cap': 65536, 'near_cap': 1048576}
  [  136.1s] walk:end                           in-use  18.47 GiB  peak  27.14 GiB  
  [  136.1s] walk:start                         in-use  18.46 GiB  peak  27.14 GiB  {'queue': 67108864, 'far_cap': 65536, 'near_cap': 1048576}
  [  138.9s] walk:end                           in-use  18.47 GiB  peak  27.14 GiB  
  [  138.9s] walk:start                         in-use  18.46 GiB  peak  27.14 GiB  {'queue': 67108864, 'far_cap': 478674944, 'near_cap': 144703488}
  [  141.6s] walk:end                           in-use  23.10 GiB  peak  27.14 GiB  
  [  144.6s] walk+lists:end                     in-use  23.04 GiB  peak  33.28 GiB  
  [  144.6s] downward:start                     in-use  23.04 GiB  peak  33.28 GiB  
  [  151.8s] downward:end                       in-use  26.40 GiB  peak  33.28 GiB  
  [  151.8s] dual+downward:end                  in-use  26.05 GiB  peak  33.28 GiB  
  [  153.4s] prepare:end                        in-use  26.18 GiB  peak  33.28 GiB  
W1004 19:41:22.505740 2520638 hlo_rematerialization.cc:3231] Can't reduce memory use below 26.13GiB (28062049977 bytes) by rematerialization; only reduced to 38.98GiB (41857184441 bytes), down from 42.78GiB (45936771857 bytes) originally
 Reported by CUDA: Free memory/Total memory: 24598544384/42405855232
InUse:                        11.89GiB
MaxInUse:                     34.10GiB
NumAllocs:                       14394
MaxAllocSize:                  7.91GiB
Reserved:                           0B
PeakReserved:                       0B
LargestFreeBlock:                   0B

Traceback (most recent call last):
  File "/export/home/tbuck/jaccpot-r3-don/jaccpot/runtime/fmm_strict_run.py", line 1773, in _strict_particle_carry_run
    np.asarray(jax.device_get(ok_all))
               ^^^^^^^^^^^^^^^^^^^^^^
  File "/export/home/tbuck/jaccpot/.venv/lib/python3.12/site-packages/jax/_src/api.py", line 2314, in device_get
    return tree_map(_device_get, x)
           ^^^^^^^^^^^^^^^^^^^^^^^^
  File "/export/home/tbuck/jaccpot/.venv/lib/python3.12/site-packages/jax/_src/tree_util.py", line 399, in tree_map
    return treedef.unflatten(f(*xs) for xs in zip(*all_leaves))
           ^^^^^^^^^^^^^^^^^^^^^^^^^^^^^^^^^^^^^^^^^^^^^^^^^^^^
  File "/export/home/tbuck/jaccpot/.venv/lib/python3.12/site-packages/jax/_src/tree_util.py", line 399, in <genexpr>
    return treedef.unflatten(f(*xs) for xs in zip(*all_leaves))
                             ^^^^^^
  File "/export/home/tbuck/jaccpot/.venv/lib/python3.12/site-packages/jax/_src/api.py", line 2275, in _device_get
    return toarray()
           ^^^^^^^^^
  File "/export/home/tbuck/jaccpot/.venv/lib/python3.12/site-packages/jax/_src/array.py", line 414, in __array__
    return np.asarray(self._value, dtype=dtype, **kwds)  # pyrefly: ignore[no-matching-overload]
                      ^^^^^^^^^^^
  File "/export/home/tbuck/jaccpot/.venv/lib/python3.12/site-packages/jax/_src/profiler.py", line 420, in wrapper
    return func(*args, **kwargs)
           ^^^^^^^^^^^^^^^^^^^^^
  File "/export/home/tbuck/jaccpot/.venv/lib/python3.12/site-packages/jax/_src/array.py", line 623, in _value
    npy_value, did_copy = self._single_device_array_to_np_array_did_copy()
                          ^^^^^^^^^^^^^^^^^^^^^^^^^^^^^^^^^^^^^^^^^^^^^^^^
jax.errors.JaxRuntimeError: RESOURCE_EXHAUSTED: Out of memory while trying to allocate 24.71GiB. [tf-allocator-allocation-error=''] [executable_name='jit__compiled_runner']

The above exception was the direct cause of the following exception:

Traceback (most recent call last):
  File "/export/home/tbuck/jaccpot-r3-don/bench/fused_memory_budget.py", line 911, in <module>
    raise SystemExit(main())
                     ^^^^^^
  File "/export/home/tbuck/jaccpot-r3-don/bench/fused_memory_budget.py", line 900, in main
    run_budget(result)
  File "/export/home/tbuck/jaccpot-r3-don/bench/fused_memory_budget.py", line 691, in run_budget
    state, prep, _ = run(state0, None, 1)
                     ^^^^^^^^^^^^^^^^^^^^
  File "/export/home/tbuck/jaccpot-r3-don/bench/fused_memory_budget.py", line 672, in run
    out = solver.strict_run_v2(
          ^^^^^^^^^^^^^^^^^^^^^
  File "/export/home/tbuck/jaccpot-r3-don/jaccpot/solver.py", line 2037, in strict_run_v2
    return self._impl.strict_run_v2(
           ^^^^^^^^^^^^^^^^^^^^^^^^^
  File "/export/home/tbuck/jaccpot-r3-don/jaccpot/runtime/fmm_strict_run.py", line 1230, in strict_run_v2
    state_curr, prepared_curr, history_out = self._strict_particle_carry_run(
                                             ^^^^^^^^^^^^^^^^^^^^^^^^^^^^^^^^
  File "/export/home/tbuck/jaccpot-r3-don/jaccpot/runtime/fmm_strict_run.py", line 1825, in _strict_particle_carry_run
    raise RuntimeError(
RuntimeError: strict fused velocity-Verlet scan failed while host fallback is disallowed
