  [    0.0s] start                              in-use   0.00 GiB  peak   0.00 GiB  
N=144000000 live leaves 9118578 -> leaf capacity 10486784
  [   65.3s] before_prepare                     in-use   2.68 GiB  peak   3.24 GiB  
  [   65.6s] prepare:start                      in-use   6.97 GiB  peak   8.58 GiB  
  [   65.6s] tree+upward:start                  in-use   6.97 GiB  peak   8.58 GiB  
  [   87.3s] tree+upward:end                    in-use  15.44 GiB  peak  23.43 GiB  
  [   87.3s] dual+downward:start                in-use  15.44 GiB  peak  23.43 GiB  
  [   90.3s] walk+lists:start                   in-use  15.87 GiB  peak  23.43 GiB  
  [   92.0s] walk:start                         in-use  16.25 GiB  peak  23.43 GiB  {'queue': 524288, 'far_cap': 65536, 'near_cap': 1048576}
  [   94.3s] walk:end                           in-use  16.25 GiB  peak  23.43 GiB  
  [   94.3s] walk:start                         in-use  16.25 GiB  peak  23.43 GiB  {'queue': 1048576, 'far_cap': 65536, 'near_cap': 1048576}
  [   96.4s] walk:end                           in-use  16.25 GiB  peak  23.43 GiB  
  [   96.4s] walk:start                         in-use  16.25 GiB  peak  23.43 GiB  {'queue': 2097152, 'far_cap': 65536, 'near_cap': 1048576}
  [   98.7s] walk:end                           in-use  16.25 GiB  peak  23.43 GiB  
  [   98.7s] walk:start                         in-use  16.25 GiB  peak  23.43 GiB  {'queue': 4194304, 'far_cap': 65536, 'near_cap': 1048576}
  [  100.9s] walk:end                           in-use  16.25 GiB  peak  23.43 GiB  
  [  100.9s] walk:start                         in-use  16.25 GiB  peak  23.43 GiB  {'queue': 8388608, 'far_cap': 65536, 'near_cap': 1048576}
  [  103.3s] walk:end                           in-use  16.25 GiB  peak  23.43 GiB  
  [  103.3s] walk:start                         in-use  16.25 GiB  peak  23.43 GiB  {'queue': 16777216, 'far_cap': 65536, 'near_cap': 1048576}
  [  105.5s] walk:end                           in-use  16.25 GiB  peak  23.43 GiB  
  [  105.5s] walk:start                         in-use  16.25 GiB  peak  23.43 GiB  {'queue': 33554432, 'far_cap': 65536, 'near_cap': 1048576}
  [  108.1s] walk:end                           in-use  16.25 GiB  peak  23.43 GiB  
  [  108.1s] walk:start                         in-use  16.25 GiB  peak  23.43 GiB  {'queue': 67108864, 'far_cap': 65536, 'near_cap': 1048576}
  [  110.8s] walk:end                           in-use  16.25 GiB  peak  23.43 GiB  
  [  110.8s] walk:start                         in-use  16.25 GiB  peak  23.43 GiB  {'queue': 67108864, 'far_cap': 418906112, 'near_cap': 125829120}
  [  113.4s] walk:end                           in-use  20.30 GiB  peak  23.43 GiB  
  [  116.4s] walk+lists:end                     in-use  20.25 GiB  peak  33.98 GiB  
  [  116.4s] downward:start                     in-use  20.25 GiB  peak  33.98 GiB  
  [  123.4s] downward:end                       in-use  23.22 GiB  peak  33.98 GiB  
  [  123.4s] dual+downward:end                  in-use  22.78 GiB  peak  33.98 GiB  
  [  124.7s] prepare:end                        in-use  22.84 GiB  peak  33.98 GiB  
W1004 18:16:12.324023 2415522 bfc_allocator.cc:514] Allocator (GPU_0_bfc) ran out of memory trying to allocate 6.83GiB (rounded to 7335048448)requested by op 
If the cause is memory fragmentation maybe the environment variable 'TF_GPU_ALLOCATOR=cuda_malloc_async' will improve the situation. 
Current allocation summary follows.
Current allocation summary follows.
W1004 18:16:12.324411 2415522 bfc_allocator.cc:525] ********************************************________________*****************************___________
W1004 18:16:30.344101 2415522 hlo_rematerialization.cc:3231] Can't reduce memory use below 26.71GiB (28684878850 bytes) by rematerialization; only reduced to 32.64GiB (35043865257 bytes), down from 35.89GiB (38541837569 bytes) originally
Traceback (most recent call last):
  File "/export/home/tbuck/jaccpot-r3-p2m/jaccpot/runtime/fmm_strict_run.py", line 1757, in _strict_particle_carry_run
    np.asarray(jax.device_get(ok_all))
               ^^^^^^^^^^^^^^^^^^^^^^
  File "/export/home/tbuck/jaccpot/.venv/lib/python3.12/site-packages/jax/_src/api.py", line 2314, in device_get
    return tree_map(_device_get, x)
           ^^^^^^^^^^^^^^^^^^^^^^^^
  File "/export/home/tbuck/jaccpot/.venv/lib/python3.12/site-packages/jax/_src/tree_util.py", line 399, in tree_map
    return treedef.unflatten(f(*xs) for xs in zip(*all_leaves))
           ^^^^^^^^^^^^^^^^^^^^^^^^^^^^^^^^^^^^^^^^^^^^^^^^^^^^
  File "/export/home/tbuck/jaccpot/.venv/lib/python3.12/site-packages/jax/_src/tree_util.py", line 399, in <genexpr>
    return treedef.unflatten(f(*xs) for xs in zip(*all_leaves))
                             ^^^^^^
  File "/export/home/tbuck/jaccpot/.venv/lib/python3.12/site-packages/jax/_src/api.py", line 2275, in _device_get
    return toarray()
           ^^^^^^^^^
  File "/export/home/tbuck/jaccpot/.venv/lib/python3.12/site-packages/jax/_src/array.py", line 414, in __array__
    return np.asarray(self._value, dtype=dtype, **kwds)  # pyrefly: ignore[no-matching-overload]
                      ^^^^^^^^^^^
  File "/export/home/tbuck/jaccpot/.venv/lib/python3.12/site-packages/jax/_src/profiler.py", line 420, in wrapper
    return func(*args, **kwargs)
           ^^^^^^^^^^^^^^^^^^^^^
  File "/export/home/tbuck/jaccpot/.venv/lib/python3.12/site-packages/jax/_src/array.py", line 623, in _value
    npy_value, did_copy = self._single_device_array_to_np_array_did_copy()
                          ^^^^^^^^^^^^^^^^^^^^^^^^^^^^^^^^^^^^^^^^^^^^^^^^
jax.errors.JaxRuntimeError: RESOURCE_EXHAUSTED: Out of memory while trying to allocate 6.83GiB. [tf-allocator-allocation-error=''] [executable_name='jit__compiled_runner']

The above exception was the direct cause of the following exception:

Traceback (most recent call last):
  File "/export/home/tbuck/jaccpot-r3-p2m/bench/fused_memory_budget.py", line 911, in <module>
    raise SystemExit(main())
                     ^^^^^^
  File "/export/home/tbuck/jaccpot-r3-p2m/bench/fused_memory_budget.py", line 900, in main
    run_budget(result)
  File "/export/home/tbuck/jaccpot-r3-p2m/bench/fused_memory_budget.py", line 691, in run_budget
    state, prep, _ = run(state0, None, 1)
                     ^^^^^^^^^^^^^^^^^^^^
  File "/export/home/tbuck/jaccpot-r3-p2m/bench/fused_memory_budget.py", line 672, in run
    out = solver.strict_run_v2(
          ^^^^^^^^^^^^^^^^^^^^^
  File "/export/home/tbuck/jaccpot-r3-p2m/jaccpot/solver.py", line 2037, in strict_run_v2
    return self._impl.strict_run_v2(
           ^^^^^^^^^^^^^^^^^^^^^^^^^
  File "/export/home/tbuck/jaccpot-r3-p2m/jaccpot/runtime/fmm_strict_run.py", line 1230, in strict_run_v2
    state_curr, prepared_curr, history_out = self._strict_particle_carry_run(
                                             ^^^^^^^^^^^^^^^^^^^^^^^^^^^^^^^^
  File "/export/home/tbuck/jaccpot-r3-p2m/jaccpot/runtime/fmm_strict_run.py", line 1815, in _strict_particle_carry_run
    raise RuntimeError(
RuntimeError: strict fused velocity-Verlet scan failed while host fallback is disallowed
